CONN: /data/xukai/VLN-GOAT/datasets/R2R/connectivity | R2R_DISC: /home/xukai/code/agentic-nav/Fine-Grained-R2R/source/R2R-original/R2R_val_unseen.json | VLNCE: /home/xukai/code/agentic-nav/MIP/splits/r2r/rand100/rand100.json.gz
axis mappings tested (mp3d <- habitat): ['[x,z,y]*[1,-1,1]', '[x,z,y]', 'identity', '[x,z,y]*[1,1,-1]']
task-book criterion — mean 3D viewpoint->reference_path distance < 0.5 m under best mapping: 0 / 100
best mapping histogram: {'[x,z,y]*[1,-1,1]': 100, '[x,z,y]': 0, 'identity': 0, '[x,z,y]*[1,1,-1]': 0}
len(R2R path) == len(reference_path): 100 / 100
same length AND max per-point HORIZONTAL error < 0.5 m under [x,z,y]*[1,-1,1] : 96 / 100
same length AND max per-point HORIZONTAL error < 0.05 m: 94 / 100
order-free horizontal NN mean error < 0.5 m: 100 / 100
vertical offset mp3d_z(camera) - hab_y(floor): mean 1.379 min 1.072 max 2.037
first 10 rows (eid, tid, n_vp, n_ref, mean3d per mapping, max horizontal):
   (7, 42, 6, 6, {'[x,z,y]*[1,-1,1]': 1.49, '[x,z,y]': 2.14, 'identity': 3.76, '[x,z,y]*[1,1,-1]': 2.23}, 0.0)
   (11, 57, 5, 5, {'[x,z,y]*[1,-1,1]': 1.39, '[x,z,y]': 7.15, 'identity': 5.28, '[x,z,y]*[1,1,-1]': 7.21}, 0.0)
   (13, 62, 6, 6, {'[x,z,y]*[1,-1,1]': 1.39, '[x,z,y]': 3.59, 'identity': 3.38, '[x,z,y]*[1,1,-1]': 3.77}, 0.0)
   (40, 155, 7, 7, {'[x,z,y]*[1,-1,1]': 1.38, '[x,z,y]': 5.08, 'identity': 4.56, '[x,z,y]*[1,1,-1]': 5.21}, 0.0)
   (42, 155, 7, 7, {'[x,z,y]*[1,-1,1]': 1.38, '[x,z,y]': 5.08, 'identity': 4.56, '[x,z,y]*[1,1,-1]': 5.21}, 0.0)
   (52, 175, 7, 7, {'[x,z,y]*[1,-1,1]': 1.39, '[x,z,y]': 2.87, 'identity': 2.72, '[x,z,y]*[1,1,-1]': 3.1}, 0.119)
   (70, 254, 7, 7, {'[x,z,y]*[1,-1,1]': 1.37, '[x,z,y]': 6.11, 'identity': 4.46, '[x,z,y]*[1,1,-1]': 6.19}, 0.0)
   (94, 300, 7, 7, {'[x,z,y]*[1,-1,1]': 1.43, '[x,z,y]': 24.34, 'identity': 18.25, '[x,z,y]*[1,1,-1]': 24.35}, 0.0)
   (116, 412, 6, 6, {'[x,z,y]*[1,-1,1]': 1.36, '[x,z,y]': 1.57, 'identity': 1.46, '[x,z,y]*[1,1,-1]': 1.79}, 0.0)
   (140, 552, 6, 6, {'[x,z,y]*[1,-1,1]': 1.4, '[x,z,y]': 4.48, 'identity': 3.55, '[x,z,y]*[1,1,-1]': 4.61}, 0.0)
