== host
admin123-WZ-SERVER
name, memory.total [MiB], driver_version
NVIDIA GeForce RTX 4090, 24564 MiB, 570.133.20
NVIDIA GeForce RTX 4090, 24564 MiB, 570.133.20
NVIDIA GeForce RTX 4090, 24564 MiB, 570.133.20
NVIDIA GeForce RTX 4090, 24564 MiB, 570.133.20
egl vendors: 10_nvidia.json 50_mesa.json 
== interpreter under test: /home/xukai/anaconda3/envs/etpr1-py38/bin/python
interpreter: /home/xukai/anaconda3/envs/etpr1-py38/bin/python
python: 3.8.20 | platform: x86_64 Linux
glibc: 2.31
conda env: /home/xukai/anaconda3/envs/etpr1-py38 | venv: -
habitat_sim: 0.1.7 | /home/xukai/anaconda3/envs/etpr1-py38/lib/python3.8/site-packages/habitat_sim/__init__.py
  -> MIP needs habitat_sim 0.3.3 (EmbodiedScore-habitat wheel); installing it here would REPLACE 0.1.7
pip: 24.2
pip dry-run failed:
 ERROR: Ignored the following yanked versions: 2.32.0, 2.32.1
ERROR: Ignored the following versions that require a different python version: 1.4.0.dev10 Requires-Python >=3.10; 1.4.0.dev3 Requires-Python >=3.10; 1.4.0.dev4 Requires-Python >=3.10; 1.4.0.dev5 Requires-Python >=3.10; 1.4.0.dev6 Requires-Python >=3.10; 1.4.0.dev8 Requires-Python >=3.10; 1.4.0.dev9 Requires-Python >=3.10; 2.32.5 Requires-Python >=3.9; 2.33.0 Requires-Python >=3.10; 2.33.1 Requires-Python >=3.10; 2.34.0 Requires-Python >=3.10; 2.34.0.dev1 Requires-Python >=3.10; 2.34.1 Requires-Python >=3.10; 2.34.2 Requires-Python >=3.10; 2.4.0.dev10 Requires-Python >=3.10; 2.4.0.dev11 Requires-Python >=3.10; 2.4.0.dev12 Requires-Python >=3.10; 2.4.0.dev13 Requires-Python >=3.10; 2.4.0.dev14 Requires-Python >=3.10; 2.4.0.dev15 Requires-Python >=3.10; 2.4.0.dev4 Requires-Python >=3.9; 2.4.0.dev8 Requires-Python >=3.10
ERROR: Could not find a version that satisfies the requirement requests==2.33.1 (from versions: 0.2.0, 0.2.1, 0.2.2, 0.2.3, 0.2.4, 0.3.0, 0.3.1, 0.3.2, 0.3.3, 0.3.4, 0.4.0, 0.4.1, 0.5.0, 0.5.1, 0.6.0, 0.6.1, 0.6.2, 0.6.3, 0.6.4, 0.6.5, 0.6.6, 0.7.0, 0.7.1, 0.7.2, 0.7.3, 0.7.4, 0.7.5, 0.7.6, 0.8.0, 0.8.1, 0.8.2, 0.8.3, 0.8.4, 0.8.5, 0.8.6, 0.8.7, 0.8.8, 0.8.9, 0.9.0, 0.9.1, 0.9.2, 0.9.3, 0.10.0, 0.10.1, 0.10.2, 0.10.3, 0.10.4, 0.10.6, 0.10.7, 0.10.8, 0.11.1, 0.11.2, 0.12.0, 0.12.1, 0.13.0, 0.13.1, 0.13.2, 0.13.3, 0.13.4, 0.13.5, 0.13.6, 0.13.7, 0.13.8, 0.13.9, 0.14.0, 0.14.1, 0.14.2, 1.0.0, 1.0.1, 1.0.2, 1.0.3, 1.0.4, 1.1.0, 1.2.0, 1.2.1, 1.2.2, 1.2.3, 2.0.0, 2.0.1, 2.1.0, 2.2.0, 2.2.1, 2.3.0, 2.4.0, 2.4.1, 2.4.2, 2.4.3, 2.5.0, 2.5.1, 2.5.2, 2.5.3, 2.6.0, 2.6.1, 2.6.2, 2.7.0, 2.8.0, 2.8.1, 2.9.0, 2.9.1, 2.9.2, 2.10.0, 2.11.0, 2.11.1, 2.12.0, 2.12.1, 2.12.2, 2.12.3, 2.12.4, 2.12.5, 2.13.0, 2.14.0, 2.14.1, 2.14.2, 2.15.1, 2.16.0, 2.16.1, 2.16.2, 2.16.3, 2.16.4, 2.16.5, 2.17.0, 2.17.1, 2.17.2, 2.17.3, 2.18.0, 2.18.1, 2.18.2, 2.18.3, 2.18.4, 2.19.0, 2.19.1, 2.20.0, 2.20.1, 2.21.0, 2.22.0, 2.23.0, 2.24.0, 2.25.0, 2.25.1, 2.26.0, 2.27.0, 2.27.1, 2.28.0, 2.28.1, 2.28.2, 2.29.0, 2.30.0, 2.31.0, 2.32.2, 2.32.3, 2.32.4)
ERROR: No matching distribution found for requests==2.33.1

exit code: 5
