## T2.5 误报率表与选定的 v0 参数

split `val_unseen`，1839 条 GT 轨迹，66285 个前进步；GT 上任何触发都算误报。CLAUSE_TOL_M=0.5；offtrack（>3.0 m）episode：3。

**R1 预算超支**（预算 = train 上该类型 `length_m` 的分位数，m）

| 档 | budget[type] | episode 误报率 | 按步触发率 | 触发 episode 按类型 |
|---|---|---|---|---|
| P90 | stop_at 4.2358, enter 5.6507, pass 7.0277, turn 4.1132, move 6.1355 | 31.10% | 7.230% | {'stop_at': 145, 'move': 258, 'enter': 79, 'pass': 47, 'turn': 56} |
| P95 | stop_at 5.6148, enter 7.0729, pass 8.549, turn 5.0056, move 7.5792 | 16.04% | 3.370% | {'enter': 39, 'move': 123, 'stop_at': 87, 'turn': 31, 'pass': 15} |
| P99 | stop_at 9.3188, enter 10.3066, pass 11.5868, turn 7.5705, move 10.9039 | 2.45% | 0.460% | {'turn': 6, 'stop_at': 7, 'pass': 2, 'move': 22, 'enter': 8} |

**R2 顺序违反**：GT 回放中不适用（没有 satisfy 调用），跳过。

**R5 停止距离异常**（总水平路程 vs train 同子句数 ref 弧长中位数）

| (a, b) | episode 误报率 | 过短 | 过长 |
|---|---|---|---|
| a=0.5,b=2.0 | 1.96% | 32 | 4 |
| a=0.4,b=2.5 | 0.11% | 2 | 0 |
| a=0.3,b=3.0 | 0.00% | 0 | 0 |

**R6 回环**（同一子句内回到 ≥gap 步之前位置的 radius 以内）

| 参数 | episode 误报率 | 按位置触发率 |
|---|---|---|
| radius=0.5,gap=5 | 2.07% | 0.220% |
| radius=0.5,gap=10 | 0.98% | 0.100% |
| radius=1.0,gap=5 | 11.26% | 1.110% |
| radius=1.0,gap=10 | 2.28% | 0.280% |

**v0 默认值**（episode 误报率 < 5% 的档中最敏感的一档）：

| 规则 | v0 默认 |
|---|---|
| R1 | P99 |
| R5 | a=0.5,b=2.0 |
| R6 | radius=1.0,gap=10 |

判据（每条规则至少一档 < 5%）：满足。R3 / R4 需要视觉验证器，本任务不做。
